******************************************************************************
                  TI ARM Linker PC v20.2.5                     
******************************************************************************
>> Linked Sat Jun 12 13:11:47 2021

OUTPUT FILE NAME:   <GPS.out>
ENTRY POINT SYMBOL: "_c_int00_noargs"  address: 00004a6d


MEMORY CONFIGURATION

         name            origin    length      used     unused   attr    fill
----------------------  --------  ---------  --------  --------  ----  --------
  FLASH                 00000000   00040000  00004e6f  0003b191  R  X
  SRAM                  20000000   00008000  00000208  00007df8  RW X


SEGMENT ALLOCATION MAP

run origin  load origin   length   init length attrs members
----------  ----------- ---------- ----------- ----- -------
00000000    00000000    00004e70   00004e70    r-x
  00000000    00000000    0000026c   0000026c    r-- .intvecs
  0000026c    0000026c    0000498c   0000498c    r-x .text
  00004bf8    00004bf8    0000025f   0000025f    r-- .const
  00004e58    00004e58    00000018   00000018    r-- .cinit
20000000    20000000    00000208   00000000    rw-
  20000000    20000000    00000200   00000000    rw- .stack
  20000200    20000200    00000008   00000000    rw- .data


SECTION ALLOCATION MAP

 output                                  attributes/
section   page    origin      length       input sections
--------  ----  ----------  ----------   ----------------
.intvecs   0    00000000    0000026c     
                  00000000    0000026c     tm4c123gh6pm_startup_ccs.obj (.intvecs)

.text      0    0000026c    0000498c     
                  0000026c    00000a4e     rtsv7M4_T_le_v4SPD16_eabi.lib : _printfi.c.obj (.text:__TI_printfi)
                  00000cba    00000002                                   : div0.asm.obj (.text)
                  00000cbc    00000738                                   : k_rem_pio2.c.obj (.text:__kernel_rem_pio2)
                  000013f4    0000063c     main.obj (.text)
                  00001a30    000005e0     rtsv7M4_T_le_v4SPD16_eabi.lib : s_sin.c.obj (.text:sin)
                  00002010    000005dc                                   : s_cos.c.obj (.text:cos)
                  000025ec    000003d4                                   : e_asin.c.obj (.text:asin)
                  000029c0    00000270                                   : _printfi.c.obj (.text:_pconv_a)
                  00002c30    0000025c     LCD.obj (.text)
                  00002e8c    000001d0     rtsv7M4_T_le_v4SPD16_eabi.lib : _printfi.c.obj (.text:_pconv_g)
                  0000305c    000001b6                                   : fd_add_t2.asm.obj (.text)
                  00003212    00000002     --HOLE-- [fill = 0]
                  00003214    000001a4     UART0.obj (.text)
                  000033b8    00000174     rtsv7M4_T_le_v4SPD16_eabi.lib : k_sin.c.obj (.text:__kernel_sin)
                  0000352c    00000170     UART2.obj (.text)
                  0000369c    00000170     rtsv7M4_T_le_v4SPD16_eabi.lib : k_cos.c.obj (.text:__kernel_cos)
                  0000380c    00000158                                   : e_sqrt.c.obj (.text:sqrt)
                  00003964    0000013c                                   : _printfi.c.obj (.text:_pconv_e)
                  00003aa0    00000136                                   : fd_div_t2.asm.obj (.text)
                  00003bd6    00000002     --HOLE-- [fill = 0]
                  00003bd8    00000124                                   : _printfi.c.obj (.text:fcvt)
                  00003cfc    00000110                                   : s_scalbn.c.obj (.text:scalbn)
                  00003e0c    000000fc                                   : fd_mul_t2.asm.obj (.text)
                  00003f08    000000f8                                   : s_floor.c.obj (.text:floor)
                  00004000    000000e0     interrupt.obj (.text)
                  000040e0    000000b1     rtsv7M4_T_le_v4SPD16_eabi.lib : _printfi.c.obj (.text:_ltostr)
                  00004191    00000001     --HOLE-- [fill = 0]
                  00004192    0000009c                                   : memcpy_t2.asm.obj (.text)
                  0000422e    00000002     --HOLE-- [fill = 0]
                  00004230    00000098     systick.obj (.text)
                  000042c8    00000096     rtsv7M4_T_le_v4SPD16_eabi.lib : ull_div_t2.asm.obj (.text)
                  0000435e    00000086                                   : fd_cmp_t2.asm.obj (.text:__aeabi_cdcmple)
                  000043e4    00000086                                   : fd_cmp_t2.asm.obj (.text:__aeabi_cdrcmple)
                  0000446a    00000002     --HOLE-- [fill = 0]
                  0000446c    00000080     LED.obj (.text)
                  000044ec    0000007a     rtsv7M4_T_le_v4SPD16_eabi.lib : memset_t2.asm.obj (.text)
                  00004566    0000006e                                   : _printfi.c.obj (.text:_mcpy)
                  000045d4    0000006e                                   : ltoa.c.obj (.text:ltoa)
                  00004642    0000006e                                   : fd_tos_t2.asm.obj (.text)
                  000046b0    00000068                                   : copy_decompress_lzss.c.obj (.text:decompress:lzss:__TI_decompress_lzss)
                  00004718    00000064                                   : s_frexp.c.obj (.text:frexp)
                  0000477c    00000058     ports.obj (.text)
                  000047d4    00000056     rtsv7M4_T_le_v4SPD16_eabi.lib : _printfi.c.obj (.text:_pconv_f)
                  0000482a    00000054                                   : _ltoa.c.obj (.text:__TI_ltoa)
                  0000487e    00000052                                   : _printfi.c.obj (.text:_ecpy)
                  000048d0    0000004c                                   : atoi.c.obj (.text:atoi)
                  0000491c    0000004c                                   : snprintf.c.obj (.text:snprintf)
                  00004968    00000048                                   : fd_toi_t2.asm.obj (.text)
                  000049b0    00000044                                   : autoinit.c.obj (.text:__TI_auto_init_nobinit_nopinit:__TI_auto_init_nobinit_nopinit)
                  000049f4    0000003e                                   : _printfi.c.obj (.text:_fcpy)
                  00004a32    00000038                                   : fs_tod_t2.asm.obj (.text)
                  00004a6a    00000002     --HOLE-- [fill = 0]
                  00004a6c    00000034                                   : boot_cortex_m.c.obj (.text:_c_int00_noargs:_c_int00_noargs)
                  00004aa0    00000030                                   : snprintf.c.obj (.text:_outs)
                  00004ad0    0000002e                                   : i_tofd_t2.asm.obj (.text)
                  00004afe    0000001c                                   : memccpy.c.obj (.text:memccpy)
                  00004b1a    0000001a                                   : s_copysign.c.obj (.text:copysign)
                  00004b34    00000018                                   : snprintf.c.obj (.text:_outc)
                  00004b4c    00000018                                   : ll_mul_t2.asm.obj (.text)
                  00004b64    00000018                                   : strcmp.c.obj (.text:strcmp)
                  00004b7c    00000016                                   : strchr.c.obj (.text:strchr)
                  00004b92    00000014                                   : strcpy.c.obj (.text:strcpy)
                  00004ba6    00000014                                   : strlen.c.obj (.text:strlen)
                  00004bba    00000012                                   : wcslen.c.obj (.text:wcslen)
                  00004bcc    0000000e                                   : copy_decompress_none.c.obj (.text:decompress:none:__TI_decompress_none)
                  00004bda    0000000c     tm4c123gh6pm_startup_ccs.obj (.text)
                  00004be6    00000002     --HOLE-- [fill = 0]
                  00004be8    00000008     rtsv7M4_T_le_v4SPD16_eabi.lib : errno.c.obj (.text:__aeabi_errno_addr)
                  00004bf0    00000004                                   : pre_init.c.obj (.text:_system_pre_init)
                  00004bf4    00000004                                   : exit.c.obj (.text:abort:abort)

.const     0    00004bf8    0000025f     
                  00004bf8    00000158     rtsv7M4_T_le_v4SPD16_eabi.lib : k_rem_pio2.c.obj (.const:$O1$$)
                  00004d50    00000101                                   : ctype.c.obj (.const:.string:_ctypes_)
                  00004e51    00000003     main.obj (.const:.string:$P$T0$1)
                  00004e54    00000003     main.obj (.const:.string:$P$T1$2)

.cinit     0    00004e58    00000018     
                  00004e58    00000008     (__TI_handler_table)
                  00004e60    00000007     (.cinit..data.load) [load image, compression = lzss]
                  00004e67    00000001     --HOLE-- [fill = 0]
                  00004e68    00000008     (__TI_cinit_table)

.init_array 
*          0    00000000    00000000     UNINITIALIZED

.data      0    20000200    00000008     UNINITIALIZED
                  20000200    00000004     interrupt.obj (.data)
                  20000204    00000004     rtsv7M4_T_le_v4SPD16_eabi.lib : errno.c.obj (.data)

.stack     0    20000000    00000200     UNINITIALIZED
                  20000000    00000004     rtsv7M4_T_le_v4SPD16_eabi.lib : boot_cortex_m.c.obj (.stack)
                  20000004    000001fc     --HOLE--

__llvm_prf_cnts 
*          0    20000000    00000000     UNINITIALIZED

MODULE SUMMARY

       Module                         code    ro data   rw data
       ------                         ----    -------   -------
    .\
       main.obj                       1596    6         0      
       tm4c123gh6pm_startup_ccs.obj   12      620       0      
       LCD.obj                        604     0         0      
       UART0.obj                      420     0         0      
       UART2.obj                      368     0         0      
       interrupt.obj                  224     0         4      
       systick.obj                    152     0         0      
       LED.obj                        128     0         0      
       ports.obj                      88      0         0      
    +--+------------------------------+-------+---------+---------+
       Total:                         3592    626       4      
                                                               
    C:\ti\ccs1031\ccs\tools\compiler\ti-cgt-arm_20.2.5.LTS\lib\rtsv7M4_T_le_v4SPD16_eabi.lib
       _printfi.c.obj                 4851    0         0      
       k_rem_pio2.c.obj               1848    344       0      
       s_sin.c.obj                    1504    0         0      
       s_cos.c.obj                    1500    0         0      
       e_asin.c.obj                   980     0         0      
       fd_add_t2.asm.obj              438     0         0      
       k_sin.c.obj                    372     0         0      
       k_cos.c.obj                    368     0         0      
       e_sqrt.c.obj                   344     0         0      
       fd_div_t2.asm.obj              310     0         0      
       s_scalbn.c.obj                 272     0         0      
       fd_cmp_t2.asm.obj              268     0         0      
       ctype.c.obj                    0       257       0      
       fd_mul_t2.asm.obj              252     0         0      
       s_floor.c.obj                  248     0         0      
       memcpy_t2.asm.obj              156     0         0      
       ull_div_t2.asm.obj             150     0         0      
       snprintf.c.obj                 148     0         0      
       memset_t2.asm.obj              122     0         0      
       fd_tos_t2.asm.obj              110     0         0      
       ltoa.c.obj                     110     0         0      
       copy_decompress_lzss.c.obj     104     0         0      
       s_frexp.c.obj                  100     0         0      
       _ltoa.c.obj                    84      0         0      
       atoi.c.obj                     76      0         0      
       fd_toi_t2.asm.obj              72      0         0      
       autoinit.c.obj                 68      0         0      
       fs_tod_t2.asm.obj              56      0         0      
       boot_cortex_m.c.obj            52      0         0      
       i_tofd_t2.asm.obj              46      0         0      
       memccpy.c.obj                  28      0         0      
       s_copysign.c.obj               26      0         0      
       ll_mul_t2.asm.obj              24      0         0      
       strcmp.c.obj                   24      0         0      
       strchr.c.obj                   22      0         0      
       strcpy.c.obj                   20      0         0      
       strlen.c.obj                   20      0         0      
       wcslen.c.obj                   18      0         0      
       copy_decompress_none.c.obj     14      0         0      
       errno.c.obj                    8       0         4      
       exit.c.obj                     4       0         0      
       pre_init.c.obj                 4       0         0      
       div0.asm.obj                   2       0         0      
    +--+------------------------------+-------+---------+---------+
       Total:                         15223   601       4      
                                                               
       Stack:                         0       0         512    
       Linker Generated:              0       23        0      
    +--+------------------------------+-------+---------+---------+
       Grand Total:                   18815   1250      520    


LINKER GENERATED COPY TABLES

__TI_cinit_table @ 00004e68 records: 1, size/record: 8, table size: 8
	.data: load addr=00004e60, load size=00000007 bytes, run addr=20000200, run size=00000008 bytes, compression=lzss


LINKER GENERATED HANDLER TABLE

__TI_handler_table @ 00004e58 records: 2, size/record: 4, table size: 8
	index: 0, handler: __TI_decompress_lzss
	index: 1, handler: __TI_decompress_none


GLOBAL SYMBOLS: SORTED ALPHABETICALLY BY Name 

address   name                          
-------   ----                          
00004bf5  C$$EXIT                       
000013f5  Decimal_LONG_LAT_CAL          
00001441  Distance_calc                 
00004003  EdgeCounter_Init              
0000407d  GPIOPortF_Handler             
00002e35  LCD_clearScreen               
00002d37  LCD_displayCharacter          
00002d87  LCD_displayString             
00002e15  LCD_displayStringRowColumn    
00002db7  LCD_goToRowColumn             
00002d19  LCD_init                      
00002e3f  LCD_intgerToStringDisplay     
00002c71  LCD_sendCommand               
0000446d  Led_port_init                 
0000355f  PORTD_UART_Init               
0000478f  PortsUart_clk_init            
0000477d  Ports_clk_init                
00004bdb  ResetISR                      
00004001  SystemInit                    
00003215  UART0_Init                    
0000328d  UART0_ReceiveData             
0000330b  UART0_ReceiveStr_SpecialChar  
000032cd  UART0_ReceiveStr_len          
00003271  UART0_SendData                
0000329d  UART0_SendStr                 
00003359  UART0_Send_float              
0000352d  UART2_Init                    
000035a5  UART2_ReceiveData             
00003623  UART2_ReceiveStr_SpecialChar  
000035e5  UART2_ReceiveStr_len          
00003589  UART2_SendData                
000035b5  UART2_SendStr                 
20000200  __STACK_END                   
00000200  __STACK_SIZE                  
20000200  __STACK_TOP                   
00004e68  __TI_CINIT_Base               
00004e70  __TI_CINIT_Limit              
00004e58  __TI_Handler_Table_Base       
00004e60  __TI_Handler_Table_Limit      
000049b1  __TI_auto_init_nobinit_nopinit
000046b1  __TI_decompress_lzss          
00004bcd  __TI_decompress_none          
0000482b  __TI_ltoa                     
ffffffff  __TI_pprof_out_hndl           
0000026d  __TI_printfi                  
ffffffff  __TI_prof_data_size           
ffffffff  __TI_prof_data_start          
00000000  __TI_static_base__            
0000435f  __aeabi_cdcmpeq               
0000435f  __aeabi_cdcmple               
000043e5  __aeabi_cdrcmple              
00004643  __aeabi_d2f                   
00004969  __aeabi_d2iz                  
00003067  __aeabi_dadd                  
00003aa1  __aeabi_ddiv                  
00003e0d  __aeabi_dmul                  
0000305d  __aeabi_dsub                  
00004be9  __aeabi_errno_addr            
00004a33  __aeabi_f2d                   
00004ad1  __aeabi_i2d                   
00000cbb  __aeabi_idiv0                 
00000cbb  __aeabi_ldiv0                 
00004b4d  __aeabi_lmul                  
000044ed  __aeabi_memclr                
000044ed  __aeabi_memclr4               
000044ed  __aeabi_memclr8               
00004193  __aeabi_memcpy                
00004193  __aeabi_memcpy4               
00004193  __aeabi_memcpy8               
000044ef  __aeabi_memset                
000044ef  __aeabi_memset4               
000044ef  __aeabi_memset8               
000042c9  __aeabi_uldivmod              
ffffffff  __binit__                     
ffffffff  __c_args__                    
0000369d  __kernel_cos                  
00000cbd  __kernel_rem_pio2             
000033b9  __kernel_sin                  
UNDEFED   __mpu_init                    
20000000  __stack                       
20000000  __start___llvm_prf_cnts       
20000000  __stop___llvm_prf_cnts        
00004a6d  _c_int00_noargs               
00004d50  _ctypes_                      
UNDEFED   _system_post_cinit            
00004bf1  _system_pre_init              
00004bf5  abort                         
000025ed  asin                          
000025ed  asinl                         
000048d1  atoi                          
ffffffff  binit                         
00001601  coordinatesTime               
00004b1b  copysign                      
00004b1b  copysignl                     
00002011  cos                           
00002011  cosl                          
00002c31  delay_ms                      
20000204  errno                         
00003f09  floor                         
00003f09  floorl                        
00004719  frexp                         
00004719  frexpl                        
00000000  g_pfnVectors                  
00003cfd  ldexp                         
00003cfd  ldexpl                        
000044ab  led_flash_distance            
000045d5  ltoa                          
000017a5  main                          
00004aff  memccpy                       
00004193  memcpy                        
000044f5  memset                        
00003cfd  scalbn                        
00003cfd  scalbnl                       
00001a31  sin                           
00001a31  sinl                          
0000491d  snprintf                      
0000380d  sqrt                          
0000380d  sqrtl                         
00004b7d  strchr                        
00004b65  strcmp                        
00004b93  strcpy                        
00004ba7  strlen                        
000047a1  system_init                   
00004231  systick_init                  
0000426d  systick_wait_ms               
00004295  systick_wait_sec              
20000200  total_distance                
00004bbb  wcslen                        


GLOBAL SYMBOLS: SORTED BY Symbol Address 

address   name                          
-------   ----                          
00000000  __TI_static_base__            
00000000  g_pfnVectors                  
00000200  __STACK_SIZE                  
0000026d  __TI_printfi                  
00000cbb  __aeabi_idiv0                 
00000cbb  __aeabi_ldiv0                 
00000cbd  __kernel_rem_pio2             
000013f5  Decimal_LONG_LAT_CAL          
00001441  Distance_calc                 
00001601  coordinatesTime               
000017a5  main                          
00001a31  sin                           
00001a31  sinl                          
00002011  cos                           
00002011  cosl                          
000025ed  asin                          
000025ed  asinl                         
00002c31  delay_ms                      
00002c71  LCD_sendCommand               
00002d19  LCD_init                      
00002d37  LCD_displayCharacter          
00002d87  LCD_displayString             
00002db7  LCD_goToRowColumn             
00002e15  LCD_displayStringRowColumn    
00002e35  LCD_clearScreen               
00002e3f  LCD_intgerToStringDisplay     
0000305d  __aeabi_dsub                  
00003067  __aeabi_dadd                  
00003215  UART0_Init                    
00003271  UART0_SendData                
0000328d  UART0_ReceiveData             
0000329d  UART0_SendStr                 
000032cd  UART0_ReceiveStr_len          
0000330b  UART0_ReceiveStr_SpecialChar  
00003359  UART0_Send_float              
000033b9  __kernel_sin                  
0000352d  UART2_Init                    
0000355f  PORTD_UART_Init               
00003589  UART2_SendData                
000035a5  UART2_ReceiveData             
000035b5  UART2_SendStr                 
000035e5  UART2_ReceiveStr_len          
00003623  UART2_ReceiveStr_SpecialChar  
0000369d  __kernel_cos                  
0000380d  sqrt                          
0000380d  sqrtl                         
00003aa1  __aeabi_ddiv                  
00003cfd  ldexp                         
00003cfd  ldexpl                        
00003cfd  scalbn                        
00003cfd  scalbnl                       
00003e0d  __aeabi_dmul                  
00003f09  floor                         
00003f09  floorl                        
00004001  SystemInit                    
00004003  EdgeCounter_Init              
0000407d  GPIOPortF_Handler             
00004193  __aeabi_memcpy                
00004193  __aeabi_memcpy4               
00004193  __aeabi_memcpy8               
00004193  memcpy                        
00004231  systick_init                  
0000426d  systick_wait_ms               
00004295  systick_wait_sec              
000042c9  __aeabi_uldivmod              
0000435f  __aeabi_cdcmpeq               
0000435f  __aeabi_cdcmple               
000043e5  __aeabi_cdrcmple              
0000446d  Led_port_init                 
000044ab  led_flash_distance            
000044ed  __aeabi_memclr                
000044ed  __aeabi_memclr4               
000044ed  __aeabi_memclr8               
000044ef  __aeabi_memset                
000044ef  __aeabi_memset4               
000044ef  __aeabi_memset8               
000044f5  memset                        
000045d5  ltoa                          
00004643  __aeabi_d2f                   
000046b1  __TI_decompress_lzss          
00004719  frexp                         
00004719  frexpl                        
0000477d  Ports_clk_init                
0000478f  PortsUart_clk_init            
000047a1  system_init                   
0000482b  __TI_ltoa                     
000048d1  atoi                          
0000491d  snprintf                      
00004969  __aeabi_d2iz                  
000049b1  __TI_auto_init_nobinit_nopinit
00004a33  __aeabi_f2d                   
00004a6d  _c_int00_noargs               
00004ad1  __aeabi_i2d                   
00004aff  memccpy                       
00004b1b  copysign                      
00004b1b  copysignl                     
00004b4d  __aeabi_lmul                  
00004b65  strcmp                        
00004b7d  strchr                        
00004b93  strcpy                        
00004ba7  strlen                        
00004bbb  wcslen                        
00004bcd  __TI_decompress_none          
00004bdb  ResetISR                      
00004be9  __aeabi_errno_addr            
00004bf1  _system_pre_init              
00004bf5  C$$EXIT                       
00004bf5  abort                         
00004d50  _ctypes_                      
00004e58  __TI_Handler_Table_Base       
00004e60  __TI_Handler_Table_Limit      
00004e68  __TI_CINIT_Base               
00004e70  __TI_CINIT_Limit              
20000000  __stack                       
20000000  __start___llvm_prf_cnts       
20000000  __stop___llvm_prf_cnts        
20000200  __STACK_END                   
20000200  __STACK_TOP                   
20000200  total_distance                
20000204  errno                         
ffffffff  __TI_pprof_out_hndl           
ffffffff  __TI_prof_data_size           
ffffffff  __TI_prof_data_start          
ffffffff  __binit__                     
ffffffff  __c_args__                    
ffffffff  binit                         
UNDEFED   __mpu_init                    
UNDEFED   _system_post_cinit            

[128 symbols]
