******************************************************************************
                  TI ARM Linker PC v20.2.5                     
******************************************************************************
>> Linked Thu Jun 10 10:37:23 2021

OUTPUT FILE NAME:   <GPS.out>
ENTRY POINT SYMBOL: "_c_int00_noargs"  address: 00003485


MEMORY CONFIGURATION

         name            origin    length      used     unused   attr    fill
----------------------  --------  ---------  --------  --------  ----  --------
  FLASH                 00000000   00040000  000037e7  0003c819  R  X
  SRAM                  20000000   00008000  00000204  00007dfc  RW X


SEGMENT ALLOCATION MAP

run origin  load origin   length   init length attrs members
----------  ----------- ---------- ----------- ----- -------
00000000    00000000    000037e8   000037e8    r-x
  00000000    00000000    0000026c   0000026c    r-- .intvecs
  0000026c    0000026c    00003304   00003304    r-x .text
  00003570    00003570    0000025f   0000025f    r-- .const
  000037d0    000037d0    00000018   00000018    r-- .cinit
20000000    20000000    00000204   00000000    rw-
  20000000    20000000    00000200   00000000    rw- .stack
  20000200    20000200    00000004   00000000    rw- .data


SECTION ALLOCATION MAP

 output                                  attributes/
section   page    origin      length       input sections
--------  ----  ----------  ----------   ----------------
.intvecs   0    00000000    0000026c     
                  00000000    0000026c     tm4c123gh6pm_startup_ccs.obj (.intvecs)

.text      0    0000026c    00003304     
                  0000026c    00000738     rtsv7M4_T_le_v4SPD16_eabi.lib : k_rem_pio2.c.obj (.text:__kernel_rem_pio2)
                  000009a4    0000067c     main.obj (.text)
                  00001020    000005e0     rtsv7M4_T_le_v4SPD16_eabi.lib : s_sin.c.obj (.text:sin)
                  00001600    000005dc                                   : s_cos.c.obj (.text:cos)
                  00001bdc    000003d4                                   : e_asin.c.obj (.text:asin)
                  00001fb0    0000025c     LCD.obj (.text)
                  0000220c    000001b6     rtsv7M4_T_le_v4SPD16_eabi.lib : fd_add_t2.asm.obj (.text)
                  000023c2    00000002     --HOLE-- [fill = 0]
                  000023c4    00000174                                   : k_sin.c.obj (.text:__kernel_sin)
                  00002538    00000170     UART0.obj (.text)
                  000026a8    00000170     UART2.obj (.text)
                  00002818    00000170     rtsv7M4_T_le_v4SPD16_eabi.lib : k_cos.c.obj (.text:__kernel_cos)
                  00002988    00000158                                   : e_sqrt.c.obj (.text:sqrt)
                  00002ae0    00000136                                   : fd_div_t2.asm.obj (.text)
                  00002c16    00000002     --HOLE-- [fill = 0]
                  00002c18    00000110                                   : s_scalbn.c.obj (.text:scalbn)
                  00002d28    000000fc                                   : fd_mul_t2.asm.obj (.text)
                  00002e24    000000f8                                   : s_floor.c.obj (.text:floor)
                  00002f1c    0000009c                                   : memcpy_t2.asm.obj (.text)
                  00002fb8    00000098     systick.obj (.text)
                  00003050    00000086     rtsv7M4_T_le_v4SPD16_eabi.lib : fd_cmp_t2.asm.obj (.text:__aeabi_cdcmple)
                  000030d6    00000086                                   : fd_cmp_t2.asm.obj (.text:__aeabi_cdrcmple)
                  0000315c    00000080     LED.obj (.text)
                  000031dc    0000006e     rtsv7M4_T_le_v4SPD16_eabi.lib : ltoa.c.obj (.text:ltoa)
                  0000324a    0000006e                                   : fd_tos_t2.asm.obj (.text)
                  000032b8    00000068                                   : copy_decompress_lzss.c.obj (.text:decompress:lzss:__TI_decompress_lzss)
                  00003320    00000054     ports.obj (.text)
                  00003374    0000004c     rtsv7M4_T_le_v4SPD16_eabi.lib : atoi.c.obj (.text:atoi)
                  000033c0    00000048                                   : fd_toi_t2.asm.obj (.text)
                  00003408    00000044                                   : autoinit.c.obj (.text:__TI_auto_init_nobinit_nopinit:__TI_auto_init_nobinit_nopinit)
                  0000344c    00000038                                   : fs_tod_t2.asm.obj (.text)
                  00003484    00000034                                   : boot_cortex_m.c.obj (.text:_c_int00_noargs:_c_int00_noargs)
                  000034b8    0000002e                                   : i_tofd_t2.asm.obj (.text)
                  000034e6    0000001a                                   : s_copysign.c.obj (.text:copysign)
                  00003500    00000018                                   : ll_mul_t2.asm.obj (.text)
                  00003518    00000018                                   : strcmp.c.obj (.text:strcmp)
                  00003530    00000014                                   : strcpy.c.obj (.text:strcpy)
                  00003544    0000000e                                   : copy_decompress_none.c.obj (.text:decompress:none:__TI_decompress_none)
                  00003552    0000000c     tm4c123gh6pm_startup_ccs.obj (.text)
                  0000355e    00000002     --HOLE-- [fill = 0]
                  00003560    00000008     rtsv7M4_T_le_v4SPD16_eabi.lib : errno.c.obj (.text:__aeabi_errno_addr)
                  00003568    00000004                                   : pre_init.c.obj (.text:_system_pre_init)
                  0000356c    00000004                                   : exit.c.obj (.text:abort:abort)

.const     0    00003570    0000025f     
                  00003570    00000158     rtsv7M4_T_le_v4SPD16_eabi.lib : k_rem_pio2.c.obj (.const:$O1$$)
                  000036c8    00000101                                   : ctype.c.obj (.const:.string:_ctypes_)
                  000037c9    00000003     main.obj (.const:.string:$P$T0$1)
                  000037cc    00000003     main.obj (.const:.string:$P$T1$2)

.cinit     0    000037d0    00000018     
                  000037d0    00000008     (__TI_handler_table)
                  000037d8    00000007     (.cinit..data.load) [load image, compression = lzss]
                  000037df    00000001     --HOLE-- [fill = 0]
                  000037e0    00000008     (__TI_cinit_table)

.init_array 
*          0    00000000    00000000     UNINITIALIZED

.data      0    20000200    00000004     UNINITIALIZED
                  20000200    00000004     rtsv7M4_T_le_v4SPD16_eabi.lib : errno.c.obj (.data)

.stack     0    20000000    00000200     UNINITIALIZED
                  20000000    00000004     rtsv7M4_T_le_v4SPD16_eabi.lib : boot_cortex_m.c.obj (.stack)
                  20000004    000001fc     --HOLE--

__llvm_prf_cnts 
*          0    20000000    00000000     UNINITIALIZED

MODULE SUMMARY

       Module                         code    ro data   rw data
       ------                         ----    -------   -------
    .\
       main.obj                       1660    6         0      
       tm4c123gh6pm_startup_ccs.obj   12      620       0      
       LCD.obj                        604     0         0      
       UART0.obj                      368     0         0      
       UART2.obj                      368     0         0      
       systick.obj                    152     0         0      
       LED.obj                        128     0         0      
       ports.obj                      84      0         0      
    +--+------------------------------+-------+---------+---------+
       Total:                         3376    626       0      
                                                               
    C:\ti\ccs1031\ccs\tools\compiler\ti-cgt-arm_20.2.5.LTS\lib\rtsv7M4_T_le_v4SPD16_eabi.lib
       k_rem_pio2.c.obj               1848    344       0      
       s_sin.c.obj                    1504    0         0      
       s_cos.c.obj                    1500    0         0      
       e_asin.c.obj                   980     0         0      
       fd_add_t2.asm.obj              438     0         0      
       k_sin.c.obj                    372     0         0      
       k_cos.c.obj                    368     0         0      
       e_sqrt.c.obj                   344     0         0      
       fd_div_t2.asm.obj              310     0         0      
       s_scalbn.c.obj                 272     0         0      
       fd_cmp_t2.asm.obj              268     0         0      
       ctype.c.obj                    0       257       0      
       fd_mul_t2.asm.obj              252     0         0      
       s_floor.c.obj                  248     0         0      
       memcpy_t2.asm.obj              156     0         0      
       fd_tos_t2.asm.obj              110     0         0      
       ltoa.c.obj                     110     0         0      
       copy_decompress_lzss.c.obj     104     0         0      
       atoi.c.obj                     76      0         0      
       fd_toi_t2.asm.obj              72      0         0      
       autoinit.c.obj                 68      0         0      
       fs_tod_t2.asm.obj              56      0         0      
       boot_cortex_m.c.obj            52      0         0      
       i_tofd_t2.asm.obj              46      0         0      
       s_copysign.c.obj               26      0         0      
       ll_mul_t2.asm.obj              24      0         0      
       strcmp.c.obj                   24      0         0      
       strcpy.c.obj                   20      0         0      
       copy_decompress_none.c.obj     14      0         0      
       errno.c.obj                    8       0         4      
       exit.c.obj                     4       0         0      
       pre_init.c.obj                 4       0         0      
    +--+------------------------------+-------+---------+---------+
       Total:                         9678    601       4      
                                                               
       Stack:                         0       0         512    
       Linker Generated:              0       23        0      
    +--+------------------------------+-------+---------+---------+
       Grand Total:                   13054   1250      516    


LINKER GENERATED COPY TABLES

__TI_cinit_table @ 000037e0 records: 1, size/record: 8, table size: 8
	.data: load addr=000037d8, load size=00000007 bytes, run addr=20000200, run size=00000004 bytes, compression=lzss


LINKER GENERATED HANDLER TABLE

__TI_handler_table @ 000037d0 records: 2, size/record: 4, table size: 8
	index: 0, handler: __TI_decompress_lzss
	index: 1, handler: __TI_decompress_none


GLOBAL SYMBOLS: SORTED ALPHABETICALLY BY Name 

address   name                          
-------   ----                          
0000356d  C$$EXIT                       
000009a5  Decimal_LONG_LAT_CAL          
000009f1  Distance_calc                 
000021b5  LCD_clearScreen               
000020b7  LCD_displayCharacter          
00002107  LCD_displayString             
00002195  LCD_displayStringRowColumn    
00002137  LCD_goToRowColumn             
00002099  LCD_init                      
000021bf  LCD_intgerToStringDisplay     
00001ff1  LCD_sendCommand               
0000315d  Led_port_init                 
000026db  PORTD_UART_Init               
00003333  PortsUart_clk_init            
00003321  Ports_clk_init                
00003553  ResetISR                      
00002539  UART0_Init                    
000025b1  UART0_ReceiveData             
0000262f  UART0_ReceiveStr_SpecialChar  
000025f1  UART0_ReceiveStr_len          
00002595  UART0_SendData                
000025c1  UART0_SendStr                 
000026a9  UART2_Init                    
00002721  UART2_ReceiveData             
0000279f  UART2_ReceiveStr_SpecialChar  
00002761  UART2_ReceiveStr_len          
00002705  UART2_SendData                
00002731  UART2_SendStr                 
20000200  __STACK_END                   
00000200  __STACK_SIZE                  
20000200  __STACK_TOP                   
000037e0  __TI_CINIT_Base               
000037e8  __TI_CINIT_Limit              
000037d0  __TI_Handler_Table_Base       
000037d8  __TI_Handler_Table_Limit      
00003409  __TI_auto_init_nobinit_nopinit
000032b9  __TI_decompress_lzss          
00003545  __TI_decompress_none          
ffffffff  __TI_pprof_out_hndl           
ffffffff  __TI_prof_data_size           
ffffffff  __TI_prof_data_start          
00000000  __TI_static_base__            
00003051  __aeabi_cdcmpeq               
00003051  __aeabi_cdcmple               
000030d7  __aeabi_cdrcmple              
0000324b  __aeabi_d2f                   
000033c1  __aeabi_d2iz                  
00002217  __aeabi_dadd                  
00002ae1  __aeabi_ddiv                  
00002d29  __aeabi_dmul                  
0000220d  __aeabi_dsub                  
00003561  __aeabi_errno_addr            
0000344d  __aeabi_f2d                   
000034b9  __aeabi_i2d                   
00003501  __aeabi_lmul                  
00002f1d  __aeabi_memcpy                
00002f1d  __aeabi_memcpy4               
00002f1d  __aeabi_memcpy8               
ffffffff  __binit__                     
ffffffff  __c_args__                    
00002819  __kernel_cos                  
0000026d  __kernel_rem_pio2             
000023c5  __kernel_sin                  
UNDEFED   __mpu_init                    
20000000  __stack                       
20000000  __start___llvm_prf_cnts       
20000000  __stop___llvm_prf_cnts        
00003485  _c_int00_noargs               
000036c8  _ctypes_                      
UNDEFED   _system_post_cinit            
00003569  _system_pre_init              
0000356d  abort                         
00001bdd  asin                          
00001bdd  asinl                         
00003375  atoi                          
ffffffff  binit                         
00000bb1  coordinatesTime               
000034e7  copysign                      
000034e7  copysignl                     
00001601  cos                           
00001601  cosl                          
00001fb1  delay_ms                      
20000200  errno                         
00002e25  floor                         
00002e25  floorl                        
00000000  g_pfnVectors                  
00002c19  ldexp                         
00002c19  ldexpl                        
0000319b  led_flash_distance            
000031dd  ltoa                          
00000d5d  main                          
00002f1d  memcpy                        
00002c19  scalbn                        
00002c19  scalbnl                       
00001021  sin                           
00001021  sinl                          
00002989  sqrt                          
00002989  sqrtl                         
00003519  strcmp                        
00003531  strcpy                        
00003345  system_init                   
00002fb9  systick_init                  
00002ff5  systick_wait_ms               
0000301d  systick_wait_sec              


GLOBAL SYMBOLS: SORTED BY Symbol Address 

address   name                          
-------   ----                          
00000000  __TI_static_base__            
00000000  g_pfnVectors                  
00000200  __STACK_SIZE                  
0000026d  __kernel_rem_pio2             
000009a5  Decimal_LONG_LAT_CAL          
000009f1  Distance_calc                 
00000bb1  coordinatesTime               
00000d5d  main                          
00001021  sin                           
00001021  sinl                          
00001601  cos                           
00001601  cosl                          
00001bdd  asin                          
00001bdd  asinl                         
00001fb1  delay_ms                      
00001ff1  LCD_sendCommand               
00002099  LCD_init                      
000020b7  LCD_displayCharacter          
00002107  LCD_displayString             
00002137  LCD_goToRowColumn             
00002195  LCD_displayStringRowColumn    
000021b5  LCD_clearScreen               
000021bf  LCD_intgerToStringDisplay     
0000220d  __aeabi_dsub                  
00002217  __aeabi_dadd                  
000023c5  __kernel_sin                  
00002539  UART0_Init                    
00002595  UART0_SendData                
000025b1  UART0_ReceiveData             
000025c1  UART0_SendStr                 
000025f1  UART0_ReceiveStr_len          
0000262f  UART0_ReceiveStr_SpecialChar  
000026a9  UART2_Init                    
000026db  PORTD_UART_Init               
00002705  UART2_SendData                
00002721  UART2_ReceiveData             
00002731  UART2_SendStr                 
00002761  UART2_ReceiveStr_len          
0000279f  UART2_ReceiveStr_SpecialChar  
00002819  __kernel_cos                  
00002989  sqrt                          
00002989  sqrtl                         
00002ae1  __aeabi_ddiv                  
00002c19  ldexp                         
00002c19  ldexpl                        
00002c19  scalbn                        
00002c19  scalbnl                       
00002d29  __aeabi_dmul                  
00002e25  floor                         
00002e25  floorl                        
00002f1d  __aeabi_memcpy                
00002f1d  __aeabi_memcpy4               
00002f1d  __aeabi_memcpy8               
00002f1d  memcpy                        
00002fb9  systick_init                  
00002ff5  systick_wait_ms               
0000301d  systick_wait_sec              
00003051  __aeabi_cdcmpeq               
00003051  __aeabi_cdcmple               
000030d7  __aeabi_cdrcmple              
0000315d  Led_port_init                 
0000319b  led_flash_distance            
000031dd  ltoa                          
0000324b  __aeabi_d2f                   
000032b9  __TI_decompress_lzss          
00003321  Ports_clk_init                
00003333  PortsUart_clk_init            
00003345  system_init                   
00003375  atoi                          
000033c1  __aeabi_d2iz                  
00003409  __TI_auto_init_nobinit_nopinit
0000344d  __aeabi_f2d                   
00003485  _c_int00_noargs               
000034b9  __aeabi_i2d                   
000034e7  copysign                      
000034e7  copysignl                     
00003501  __aeabi_lmul                  
00003519  strcmp                        
00003531  strcpy                        
00003545  __TI_decompress_none          
00003553  ResetISR                      
00003561  __aeabi_errno_addr            
00003569  _system_pre_init              
0000356d  C$$EXIT                       
0000356d  abort                         
000036c8  _ctypes_                      
000037d0  __TI_Handler_Table_Base       
000037d8  __TI_Handler_Table_Limit      
000037e0  __TI_CINIT_Base               
000037e8  __TI_CINIT_Limit              
20000000  __stack                       
20000000  __start___llvm_prf_cnts       
20000000  __stop___llvm_prf_cnts        
20000200  __STACK_END                   
20000200  __STACK_TOP                   
20000200  errno                         
ffffffff  __TI_pprof_out_hndl           
ffffffff  __TI_prof_data_size           
ffffffff  __TI_prof_data_start          
ffffffff  __binit__                     
ffffffff  __c_args__                    
ffffffff  binit                         
UNDEFED   __mpu_init                    
UNDEFED   _system_post_cinit            

[104 symbols]
